import time: self [us] | cumulative | imported package
import time:       392 |        392 |   _io
import time:       346 |        346 |   marshal
import time:       386 |        386 |   posix
import time:      1045 |       2167 | _frozen_importlib_external
import time:      1035 |       1035 |   time
import time:       316 |       1350 | zipimport
import time:        68 |         68 |     _codecs
import time:       969 |       1036 |   codecs
import time:      1361 |       1361 |   encodings.aliases
import time:      1128 |       3523 | encodings
import time:       462 |        462 | encodings.utf_8
import time:       121 |        121 | _signal
import time:       831 |        831 | encodings.latin_1
import time:        44 |         44 |     _abc
import time:       475 |        518 |   abc
import time:       654 |       1171 | io
import time:        77 |         77 |       _stat
import time:       725 |        801 |     stat
import time:      1931 |       1931 |     _collections_abc
import time:       461 |        461 |       genericpath
import time:       702 |       1162 |     posixpath
import time:      1754 |       5646 |   os
import time:       700 |        700 |   _sitebuiltins
import time:       162 |        162 |     _locale
import time:     26935 |      27096 |   _bootlocale
import time:      2052 |       2052 |   sitecustomize
import time:    117438 |     152931 | site
import time:      1299 |       1299 |       types
import time:      1786 |       1786 |       _ctypes
import time:      2183 |       2183 |         _struct
import time:       994 |       3177 |       struct
import time:       934 |        934 |       ctypes._endian
import time:      3033 |      10228 |     ctypes
import time:      1309 |       1309 |           enum
import time:      1116 |       1116 |             _sre
import time:      1049 |       1049 |               sre_constants
import time:      1181 |       2230 |             sre_parse
import time:      1023 |       4368 |           sre_compile
import time:       752 |        752 |                 _heapq
import time:       687 |       1438 |               heapq
import time:       156 |        156 |               itertools
import time:       432 |        432 |               keyword
import time:        87 |         87 |                 _operator
import time:       866 |        952 |               operator
import time:       544 |        544 |               reprlib
import time:        91 |         91 |               _collections
import time:      1839 |       5448 |             collections
import time:        53 |         53 |             _functools
import time:      1495 |       6995 |           functools
import time:       574 |        574 |           copyreg
import time:       980 |      14224 |         re
import time:      1425 |       1425 |           _json
import time:      1015 |       2439 |         json.scanner
import time:      1261 |      17924 |       json.decoder
import time:      1431 |       1431 |       json.encoder
import time:       745 |      20099 |     json
import time:      1933 |       1933 |       _socket
import time:       421 |        421 |         collections.abc
import time:      1836 |       1836 |         math
import time:      2647 |       2647 |         select
import time:      1720 |       6624 |       selectors
import time:        97 |         97 |       errno
import time:      1376 |       1376 |       array
import time:      2768 |      12796 |     socket
import time:      1127 |       1127 |       contextlib
import time:      3845 |       4971 |     typing
import time:       520 |        520 |           _weakrefset
import time:      1092 |       1612 |         weakref
import time:       105 |        105 |             org
import time:        16 |        120 |           org.python
import time:        16 |        135 |         org.python.core
import time:      1740 |       3486 |       copy
import time:       483 |        483 |       warnings
import time:      2685 |       2685 |           _ast
import time:      2595 |       5280 |         ast
import time:      1373 |       1373 |             _opcode
import time:      1119 |       2492 |           opcode
import time:      1231 |       3722 |         dis
import time:       891 |        891 |           importlib
import time:       777 |       1668 |         importlib.machinery
import time:       508 |        508 |             token
import time:      1995 |       2502 |           tokenize
import time:       777 |       3279 |         linecache
import time:      5965 |      19911 |       inspect
import time:     49611 |      49611 |             numpy._utils._convertions
import time:     41697 |      91308 |           numpy._utils
import time:     76699 |     168006 |         numpy._globals
import time:     70413 |      70413 |         numpy._expired_attrs_2_0
import time:    114552 |     114552 |         numpy.version
import time:       142 |        142 |           numpy._distributor_init_local
import time:     60367 |      60509 |         numpy._distributor_init
import time:     26763 |      26763 |                   numpy._utils._inspect
import time:      1520 |       1520 |                       _datetime
import time:      3058 |       4578 |                     datetime
import time:     28668 |      28668 |                     numpy.exceptions
import time:     46392 |      46392 |                     numpy._core._exceptions
import time:     39468 |      39468 |                     numpy.dtypes
import time:     10019 |     129124 |                   numpy._core._multiarray_umath
import time:     45154 |     201040 |                 numpy._core.overrides
import time:     31699 |     232739 |               numpy._core.multiarray
import time:     52942 |      52942 |               numpy._core.umath
import time:      1733 |       1733 |                 numbers
import time:     26179 |      26179 |                 numpy._core._string_helpers
import time:     37467 |      37467 |                 numpy._core._type_aliases
import time:    102478 |     102478 |                 numpy._core._dtype
import time:     28946 |     196801 |               numpy._core.numerictypes
import time:      2657 |       2657 |                         _compat_pickle
import time:      1524 |       1524 |                         _pickle
import time:       215 |        215 |                             org
import time:        24 |        238 |                           org.python
import time:        25 |        263 |                         org.python.core
import time:      2639 |       7082 |                       pickle
import time:      1498 |       1498 |                           _contextvars
import time:       743 |       2241 |                         contextvars
import time:     76680 |      78921 |                       numpy._core._ufunc_config
import time:     28012 |     114014 |                     numpy._core._methods
import time:     50417 |     164430 |                   numpy._core.fromnumeric
import time:     48517 |     212947 |                 numpy._core.shape_base
import time:     42396 |      42396 |                 numpy._core.arrayprint
import time:     55181 |      55181 |                 numpy._core._asarray
import time:     51756 |     362278 |               numpy._core.numeric
import time:    150663 |     150663 |               numpy._core.records
import time:     70730 |      70730 |               numpy._core.memmap
import time:    137603 |     137603 |               numpy._core.function_base
import time:    322657 |     322657 |               numpy._core._machar
import time:    126610 |     126610 |               numpy._core.getlimits
import time:     59644 |      59644 |               numpy._core.einsumfunc
import time:     46132 |      46132 |                 numpy._core._multiarray_tests
import time:     86604 |     132735 |               numpy._core._add_newdocs
import time:     44384 |      44384 |               numpy._core._add_newdocs_scalars
import time:     36961 |      36961 |               numpy._core._dtype_ctypes
import time:    127128 |     127128 |               numpy._core._internal
import time:     46545 |      46545 |               numpy._pytesttester
import time:     39399 |    2139813 |             numpy._core
import time:        73 |    2139885 |           numpy._core._multiarray_umath
import time:     30386 |    2170271 |         numpy.__config__
import time:     29443 |      29443 |             numpy.lib._array_utils_impl
import time:     59383 |      88825 |           numpy.lib.array_utils
import time:      6626 |       6626 |           numpy.lib.introspect
import time:     34929 |      34929 |           numpy.lib.mixins
import time:      4959 |       4959 |                   textwrap
import time:      1249 |       1249 |                       signal
import time:      1317 |       1317 |                       threading
import time:        44 |         44 |                       pwd
import time:      2151 |       2151 |                       grp
import time:       224 |        224 |                       msvcrt
import time:      2289 |       2289 |                       _posixsubprocess
import time:      1369 |       8641 |                     subprocess
import time:      6305 |      14946 |                   platform
import time:     75231 |      95135 |                 numpy.lib._utils_impl
import time:     18342 |     113477 |               numpy.lib.format
import time:    100045 |     100045 |               numpy.lib._datasource
import time:     16720 |      16720 |               numpy.lib._iotools
import time:     32051 |     262292 |             numpy.lib._npyio_impl
import time:    113961 |     376252 |           numpy.lib.npyio
import time:     29249 |      29249 |                 numpy.lib._ufunclike_impl
import time:     48815 |      78064 |               numpy.lib._type_check_impl
import time:     61314 |     139377 |             numpy.lib._scimath_impl
import time:    250771 |     390147 |           numpy.lib.scimath
import time:     26656 |      26656 |             numpy.lib._stride_tricks_impl
import time:     67812 |      94468 |           numpy.lib.stride_tricks
import time:    201123 |     201123 |                   numpy.linalg.linalg
import time:    103470 |     103470 |                     numpy.lib._twodim_base_impl
import time:      2930 |       2930 |                     numpy.linalg._umath_linalg
import time:       797 |        797 |                       __future__
import time:     41032 |      41032 |                       numpy._typing._nested_sequence
import time:     35788 |      35788 |                       numpy._typing._nbit
import time:     40430 |      40430 |                       numpy._typing._char_codes
import time:     50135 |      50135 |                       numpy._typing._scalars
import time:     46328 |      46328 |                       numpy._typing._shape
import time:     76744 |      76744 |                       numpy._typing._dtype_like
import time:     24168 |      24168 |                       numpy._typing._array_like
import time:    100354 |     415771 |                     numpy._typing
import time:     76326 |     598495 |                   numpy.linalg._linalg
import time:     39397 |     839014 |                 numpy.linalg
import time:     60803 |     899817 |               numpy.matrixlib.defmatrix
import time:     29675 |     929492 |             numpy.matrixlib
import time:     39369 |      39369 |               numpy.lib._histograms_impl
import time:     59223 |      98591 |             numpy.lib._function_base_impl
import time:     50416 |    1078498 |           numpy.lib._index_tricks_impl
import time:     26857 |      26857 |           numpy.lib._nanfunctions_impl
import time:     37729 |      37729 |           numpy.lib._shape_base_impl
import time:     47812 |      47812 |           numpy.lib._arraysetops_impl
import time:     40063 |      40063 |           numpy.lib._polynomial_impl
import time:     25239 |      25239 |           numpy.lib._arrayterator_impl
import time:     36188 |      36188 |           numpy.lib._arraypad_impl
import time:     41402 |      41402 |           numpy.lib._version
import time:     74516 |    2399544 |         numpy.lib
import time:     67684 |    5050976 |       numpy
import time:     39280 |      39280 |           scipy.__config__
import time:     45441 |      45441 |           scipy.version
import time:       263 |        263 |             scipy._distributor_init_local
import time:     62242 |      62505 |           scipy._distributor_init
import time:     54035 |      54035 |               sysconfig
import time:      1047 |       1047 |               _sysconfigdata__darwin_darwin
import time:       846 |        846 |               _osx_support
import time:     61717 |     117643 |             scipy._lib._testutils
import time:     57901 |     175544 |           scipy._lib
import time:     51961 |      51961 |           scipy._lib._pep440
import time:     38502 |      38502 |             scipy._lib._ccallback_c
import time:      8277 |      46778 |           scipy._lib._ccallback
import time:     54910 |     476417 |         scipy
import time:     46351 |      46351 |                   scipy._lib.array_api_compat.common._helpers
import time:     37581 |      83932 |                 scipy._lib.array_api_compat.common
import time:     48683 |     132615 |               scipy._lib.array_api_compat
import time:       248 |        248 |                       gc
import time:       403 |        403 |                         backports_abc
import time:    120021 |     120424 |                       numpy.random._common
import time:      4531 |       4531 |                           binascii
import time:      1567 |       6098 |                         base64
import time:     16368 |      16368 |                           _hashlib
import time:      2869 |       2869 |                             _blake2
import time:      1441 |       4309 |                           hashlib
import time:      1125 |      21801 |                         hmac
import time:      2071 |       2071 |                             _bisect
import time:       640 |       2710 |                           bisect
import time:      3284 |       3284 |                           _random
import time:      2323 |       2323 |                           _sha512
import time:      1558 |       9874 |                         random
import time:      2411 |      40181 |                       secrets
import time:    121661 |     282513 |                     numpy.random.bit_generator
import time:    134442 |     134442 |                       numpy.random._bounded_integers
import time:    157032 |     157032 |                       numpy.random._mt19937
import time:    341455 |     632928 |                     numpy.random.mtrand
import time:     88937 |      88937 |                     numpy.random._philox
import time:    118192 |     118192 |                     numpy.random._pcg64
import time:     38260 |      38260 |                     numpy.random._sfc64
import time:    247650 |     247650 |                     numpy.random._generator
import time:    169333 |    1577810 |                   numpy.random._pickle
import time:    469452 |    2047262 |                 numpy.random
import time:      2593 |       2593 |                       traceback
import time:      7579 |       7579 |                       unittest.util
import time:      4910 |      15081 |                     unittest.result
import time:     11825 |      11825 |                       difflib
import time:      5988 |       5988 |                       pprint
import time:      7801 |      25613 |                     unittest.case
import time:      7044 |       7044 |                     unittest.suite
import time:      7112 |       7112 |                       fnmatch
import time:     38251 |      45363 |                     unittest.loader
import time:      4685 |       4685 |                         gettext
import time:     16152 |      20837 |                       argparse
import time:      1357 |       1357 |                         unittest.signals
import time:      1287 |       2643 |                       unittest.runner
import time:      4472 |      27950 |                     unittest.main
import time:      2810 |     123859 |                   unittest
import time:    256620 |     256620 |                   numpy.testing._private
import time:      3961 |       3961 |                       zlib
import time:      2406 |       2406 |                         _compression
import time:      5764 |       5764 |                         _bz2
import time:      1555 |       9724 |                       bz2
import time:      4526 |       4526 |                         _lzma
import time:       725 |       5250 |                       lzma
import time:      2434 |      21368 |                     shutil
import time:       979 |        979 |                     tempfile
import time:    142604 |     164951 |                   numpy.testing._private.utils
import time:       913 |        913 |                         nt
import time:       296 |        296 |                         nt
import time:       148 |        148 |                         nt
import time:       139 |        139 |                         nt
import time:      3906 |       5400 |                       ntpath
import time:       953 |        953 |                         urllib
import time:      4280 |       5233 |                       urllib.parse
import time:     22194 |      32826 |                     pathlib
import time:    177320 |     210146 |                   numpy.testing._private.extbuild
import time:    110216 |     110216 |                   numpy.testing.overrides
import time:    560455 |    1426245 |                 numpy.testing
import time:     12516 |      12516 |                     numpy.fft._pocketfft_umath
import time:     46483 |      58998 |                   numpy.fft._pocketfft
import time:     63163 |      63163 |                   numpy.fft._helper
import time:     27732 |      27732 |                   numpy.fft.helper
import time:     75477 |     225369 |                 numpy.fft
import time:      4825 |       4825 |                   numpy._typing._add_docstring
import time:      2334 |       7158 |                 numpy.typing
import time:     75423 |      75423 |                 numpy.rec
import time:      3786 |       3786 |                 numpy.ctypeslib
import time:       713 |        713 |                       numpy._core.strings
import time:     49786 |      50499 |                     numpy.strings
import time:    234306 |     284804 |                   numpy._core.defchararray
import time:    299295 |     584098 |                 numpy.char
import time:     45347 |      45347 |                     numpy.polynomial.polyutils
import time:     24311 |      24311 |                     numpy.polynomial._polybase
import time:     38281 |     107939 |                   numpy.polynomial.polynomial
import time:     44023 |      44023 |                   numpy.polynomial.chebyshev
import time:     38839 |      38839 |                   numpy.polynomial.legendre
import time:     26061 |      26061 |                   numpy.polynomial.hermite
import time:     26711 |      26711 |                   numpy.polynomial.hermite_e
import time:     26216 |      26216 |                   numpy.polynomial.laguerre
import time:     53788 |     323573 |                 numpy.polynomial
import time:       141 |        141 |                         _string
import time:      3595 |       3736 |                       string
import time:       800 |        800 |                       fileinput
import time:        87 |         87 |                           atexit
import time:      6336 |       6422 |                         logging
import time:     43517 |      43517 |                             charset_normalizer.constant
import time:     48303 |      48303 |                               charset_normalizer.md__mypyc
import time:      2317 |       2317 |                                 unicodedata
import time:      3527 |       3527 |                                 _multibytecodec
import time:     70680 |      76524 |                               charset_normalizer.utils
import time:     42495 |     167321 |                             charset_normalizer.md
import time:     18675 |      18675 |                             charset_normalizer.models
import time:     49912 |     279423 |                           charset_normalizer.cd
import time:     52852 |     332275 |                         charset_normalizer.api
import time:     39035 |      39035 |                         charset_normalizer.legacy
import time:     56906 |      56906 |                         charset_normalizer.version
import time:     58458 |     493093 |                       charset_normalizer
import time:     29997 |      29997 |                       numpy.f2py.__version__
import time:     38424 |      38424 |                         numpy.f2py.cfuncs
import time:     54659 |      93083 |                       numpy.f2py.auxfuncs
import time:     29749 |      29749 |                       numpy.f2py.symbolic
import time:     99699 |     750154 |                     numpy.f2py.crackfortran
import time:     28719 |      28719 |                         numpy.f2py.cb_rules
import time:     44357 |      44357 |                         numpy.f2py._isocbind
import time:     26597 |      99672 |                       numpy.f2py.capi_maps
import time:     73423 |      73423 |                         numpy.f2py.func2subr
import time:     39010 |     112432 |                       numpy.f2py.common_rules
import time:    116583 |     116583 |                       numpy.f2py.use_rules
import time:     49887 |      49887 |                       numpy.f2py.f90mod_rules
import time:    147328 |     525900 |                     numpy.f2py.rules
import time:     20369 |      20369 |                     numpy.f2py._backends
import time:     39478 |    1335900 |                   numpy.f2py.f2py2e
import time:     61244 |      61244 |                   numpy.f2py.diagnose
import time:     69518 |    1466661 |                 numpy.f2py
import time:     41213 |      41213 |                   numpy.core._utils
import time:     45972 |      87184 |                 numpy.core
import time:     92177 |      92177 |                   numpy.ma.core
import time:    105117 |     105117 |                   numpy.ma.extras
import time:     81046 |     278339 |                 numpy.ma
import time:      1742 |       1742 |                   scipy._lib.array_api_compat.common._aliases
import time:       624 |        624 |                   scipy._lib.array_api_compat._internal
import time:      7070 |       9436 |                 scipy._lib.array_api_compat.numpy._aliases
import time:      4372 |       4372 |                   scipy._lib.array_api_compat.common._linalg
import time:      3435 |       7806 |                 scipy._lib.array_api_compat.numpy.linalg
import time:     56467 |    6598801 |               scipy._lib.array_api_compat.numpy
import time:     58596 |    6790011 |             scipy._lib._array_api
import time:     30969 |    6820980 |           scipy._lib._util
import time:      1433 |       1433 |           scipy.sparse._sputils
import time:       600 |        600 |           scipy.sparse._matrix
import time:     29036 |    6852047 |         scipy.sparse._base
import time:    176652 |     176652 |           scipy.sparse._sparsetools
import time:    187560 |     187560 |             scipy.sparse._data
import time:    225182 |     225182 |             scipy.sparse._index
import time:    104060 |     516801 |           scipy.sparse._compressed
import time:       917 |     694369 |         scipy.sparse._csr
import time:    192541 |     192541 |         scipy.sparse._csc
import time:    215761 |     215761 |           scipy.sparse._csparsetools
import time:    343678 |     559439 |         scipy.sparse._lil
import time:    104750 |     104750 |         scipy.sparse._dok
import time:    414513 |     414513 |         scipy.sparse._coo
import time:    120414 |     120414 |         scipy.sparse._dia
import time:    158928 |     158928 |         scipy.sparse._bsr
import time:    289307 |     289307 |         scipy.sparse._construct
import time:    235490 |     235490 |         scipy.sparse._extract
import time:    442640 |     442640 |         scipy.sparse._matrix_io
