Requirement already satisfied: fastapi==0.115.12 in ./.venv/lib/python3.9/site-packages (from -r requirements.txt (line 1)) (0.115.12)
Requirement already satisfied: uvicorn==0.34.0 in ./.venv/lib/python3.9/site-packages (from uvicorn[standard]==0.34.0->-r requirements.txt (line 2)) (0.34.0)
Requirement already satisfied: pandas==2.2.3 in ./.venv/lib/python3.9/site-packages (from -r requirements.txt (line 3)) (2.2.3)
Requirement already satisfied: xgboost==2.1.4 in ./.venv/lib/python3.9/site-packages (from -r requirements.txt (line 4)) (2.1.4)
Requirement already satisfied: scikit-learn==1.5.2 in ./.venv/lib/python3.9/site-packages (from -r requirements.txt (line 5)) (1.5.2)
Requirement already satisfied: joblib==1.4.2 in ./.venv/lib/python3.9/site-packages (from -r requirements.txt (line 6)) (1.4.2)
Requirement already satisfied: python-multipart==0.0.20 in ./.venv/lib/python3.9/site-packages (from -r requirements.txt (line 7)) (0.0.20)
Requirement already satisfied: python-docx==1.1.2 in ./.venv/lib/python3.9/site-packages (from -r requirements.txt (line 8)) (1.1.2)
Requirement already satisfied: PyMuPDF==1.26.1 in ./.venv/lib/python3.9/site-packages (from -r requirements.txt (line 9)) (1.26.1)
Requirement already satisfied: pdfplumber==0.11.4 in ./.venv/lib/python3.9/site-packages (from -r requirements.txt (line 10)) (0.11.4)
Requirement already satisfied: python-dotenv==1.0.1 in ./.venv/lib/python3.9/site-packages (from -r requirements.txt (line 11)) (1.0.1)
Requirement already satisfied: starlette<0.47.0,>=0.40.0 in ./.venv/lib/python3.9/site-packages (from fastapi==0.115.12->-r requirements.txt (line 1)) (0.46.2)
Requirement already satisfied: pydantic!=1.8,!=1.8.1,!=2.0.0,!=2.0.1,!=2.1.0,<3.0.0,>=1.7.4 in ./.venv/lib/python3.9/site-packages (from fastapi==0.115.12->-r requirements.txt (line 1)) (2.12.5)
Requirement already satisfied: typing-extensions>=4.8.0 in ./.venv/lib/python3.9/site-packages (from fastapi==0.115.12->-r requirements.txt (line 1)) (4.15.0)
Requirement already satisfied: click>=7.0 in ./.venv/lib/python3.9/site-packages (from uvicorn==0.34.0->uvicorn[standard]==0.34.0->-r requirements.txt (line 2)) (8.1.8)
Requirement already satisfied: h11>=0.8 in ./.venv/lib/python3.9/site-packages (from uvicorn==0.34.0->uvicorn[standard]==0.34.0->-r requirements.txt (line 2)) (0.16.0)
Requirement already satisfied: numpy>=1.22.4 in ./.venv/lib/python3.9/site-packages (from pandas==2.2.3->-r requirements.txt (line 3)) (2.0.2)
Requirement already satisfied: python-dateutil>=2.8.2 in ./.venv/lib/python3.9/site-packages (from pandas==2.2.3->-r requirements.txt (line 3)) (2.9.0.post0)
Requirement already satisfied: pytz>=2020.1 in ./.venv/lib/python3.9/site-packages (from pandas==2.2.3->-r requirements.txt (line 3)) (2026.1.post1)
Requirement already satisfied: tzdata>=2022.7 in ./.venv/lib/python3.9/site-packages (from pandas==2.2.3->-r requirements.txt (line 3)) (2025.3)
Requirement already satisfied: scipy in ./.venv/lib/python3.9/site-packages (from xgboost==2.1.4->-r requirements.txt (line 4)) (1.13.1)
Requirement already satisfied: threadpoolctl>=3.1.0 in ./.venv/lib/python3.9/site-packages (from scikit-learn==1.5.2->-r requirements.txt (line 5)) (3.6.0)
Requirement already satisfied: lxml>=3.1.0 in ./.venv/lib/python3.9/site-packages (from python-docx==1.1.2->-r requirements.txt (line 8)) (6.0.2)
Requirement already satisfied: pdfminer.six==20231228 in ./.venv/lib/python3.9/site-packages (from pdfplumber==0.11.4->-r requirements.txt (line 10)) (20231228)
Requirement already satisfied: Pillow>=9.1 in ./.venv/lib/python3.9/site-packages (from pdfplumber==0.11.4->-r requirements.txt (line 10)) (11.3.0)
Requirement already satisfied: pypdfium2>=4.18.0 in ./.venv/lib/python3.9/site-packages (from pdfplumber==0.11.4->-r requirements.txt (line 10)) (5.5.0)
Requirement already satisfied: charset-normalizer>=2.0.0 in ./.venv/lib/python3.9/site-packages (from pdfminer.six==20231228->pdfplumber==0.11.4->-r requirements.txt (line 10)) (3.4.4)
Requirement already satisfied: cryptography>=36.0.0 in ./.venv/lib/python3.9/site-packages (from pdfminer.six==20231228->pdfplumber==0.11.4->-r requirements.txt (line 10)) (46.0.5)
Requirement already satisfied: httptools>=0.6.3 in ./.venv/lib/python3.9/site-packages (from uvicorn[standard]==0.34.0->-r requirements.txt (line 2)) (0.7.1)
Requirement already satisfied: pyyaml>=5.1 in ./.venv/lib/python3.9/site-packages (from uvicorn[standard]==0.34.0->-r requirements.txt (line 2)) (6.0.3)
Requirement already satisfied: uvloop!=0.15.0,!=0.15.1,>=0.14.0 in ./.venv/lib/python3.9/site-packages (from uvicorn[standard]==0.34.0->-r requirements.txt (line 2)) (0.22.1)
Requirement already satisfied: watchfiles>=0.13 in ./.venv/lib/python3.9/site-packages (from uvicorn[standard]==0.34.0->-r requirements.txt (line 2)) (1.1.1)
Requirement already satisfied: websockets>=10.4 in ./.venv/lib/python3.9/site-packages (from uvicorn[standard]==0.34.0->-r requirements.txt (line 2)) (15.0.1)
Requirement already satisfied: annotated-types>=0.6.0 in ./.venv/lib/python3.9/site-packages (from pydantic!=1.8,!=1.8.1,!=2.0.0,!=2.0.1,!=2.1.0,<3.0.0,>=1.7.4->fastapi==0.115.12->-r requirements.txt (line 1)) (0.7.0)
Requirement already satisfied: pydantic-core==2.41.5 in ./.venv/lib/python3.9/site-packages (from pydantic!=1.8,!=1.8.1,!=2.0.0,!=2.0.1,!=2.1.0,<3.0.0,>=1.7.4->fastapi==0.115.12->-r requirements.txt (line 1)) (2.41.5)
Requirement already satisfied: typing-inspection>=0.4.2 in ./.venv/lib/python3.9/site-packages (from pydantic!=1.8,!=1.8.1,!=2.0.0,!=2.0.1,!=2.1.0,<3.0.0,>=1.7.4->fastapi==0.115.12->-r requirements.txt (line 1)) (0.4.2)
Requirement already satisfied: anyio<5,>=3.6.2 in ./.venv/lib/python3.9/site-packages (from starlette<0.47.0,>=0.40.0->fastapi==0.115.12->-r requirements.txt (line 1)) (4.12.1)
Requirement already satisfied: exceptiongroup>=1.0.2 in ./.venv/lib/python3.9/site-packages (from anyio<5,>=3.6.2->starlette<0.47.0,>=0.40.0->fastapi==0.115.12->-r requirements.txt (line 1)) (1.3.1)
Requirement already satisfied: idna>=2.8 in ./.venv/lib/python3.9/site-packages (from anyio<5,>=3.6.2->starlette<0.47.0,>=0.40.0->fastapi==0.115.12->-r requirements.txt (line 1)) (3.11)
Requirement already satisfied: cffi>=2.0.0 in ./.venv/lib/python3.9/site-packages (from cryptography>=36.0.0->pdfminer.six==20231228->pdfplumber==0.11.4->-r requirements.txt (line 10)) (2.0.0)
Requirement already satisfied: pycparser in ./.venv/lib/python3.9/site-packages (from cffi>=2.0.0->cryptography>=36.0.0->pdfminer.six==20231228->pdfplumber==0.11.4->-r requirements.txt (line 10)) (2.23)
Requirement already satisfied: six>=1.5 in ./.venv/lib/python3.9/site-packages (from python-dateutil>=2.8.2->pandas==2.2.3->-r requirements.txt (line 3)) (1.17.0)
